<html>
<body>
<pre>
<h1>µVision Build Log</h1>
<h2>Tool Versions:</h2>
IDE-Version: ¦ÌVision V5.31.0.0
Copyright (C) 2020 ARM Ltd and ARM Germany GmbH. All rights reserved.
License Information: LI LI, LI, LIC=PE7DL-0S3AH-74NS0-BAXXP-IUFX7-AT4RV
 
Tool Versions:
Toolchain:       MDK-ARM Plus  Version: 5.31.0.0
Toolchain Path:  C:\Keil_v5\ARM\ARMCC\Bin
C Compiler:      Armcc.exe V5.06 update 6 (build 750)
Assembler:       Armasm.exe V5.06 update 6 (build 750)
Linker/Locator:  ArmLink.exe V5.06 update 6 (build 750)
Library Manager: ArmAr.exe V5.06 update 6 (build 750)
Hex Converter:   FromElf.exe V5.06 update 6 (build 750)
CPU DLL:         SARMCM3.DLL V5.31.0.0
Dialog DLL:      DCM.DLL V1.17.3.0
Target DLL:      STLink\ST-LINKIII-KEIL_SWO.dll V3.0.7.0
Dialog DLL:      TCM.DLL V1.46.0.0
 
<h2>Project:</h2>
C:\Users\LI\Desktop\LED\test\MDK-ARM\test.uvprojx
Project File Date:  12/08/2024

<h2>Output:</h2>
*** Using Compiler 'V5.06 update 6 (build 750)', folder: 'C:\Keil_v5\ARM\ARMCC\Bin'
Build target 'test'
compiling main.c...
../Core/Src/main.c(113): warning:  #223-D: function "strlen" declared implicitly
  	HAL_UART_Transmit(&huart1, (uint8_t *)&message,strlen(message),0xFFFF); 
../Core/Src/main.c(132): warning:  #223-D: function "strlen" declared implicitly
  		HAL_UART_Transmit(&huart1, (uint8_t *)&tips2, strlen(tips2),0xFFFF); 
../Core/Src/main.c(138): warning:  #223-D: function "strlen" declared implicitly
  		HAL_UART_Transmit(&huart1, (uint8_t *)&tips1, strlen(tips1),0xFFFF); 
../Core/Src/main.c(144): warning:  #223-D: function "strlen" declared implicitly
  		HAL_UART_Transmit(&huart1, (uint8_t *)&tips, strlen(tips),0xFFFF); 
../Core/Src/main.c: 4 warnings, 0 errors
linking...
Program Size: Code=5060 RO-data=312 RW-data=80 ZI-data=1704  
FromELF: creating hex file...
"test\test.axf" - 0 Error(s), 4 Warning(s).

<h2>Software Packages used:</h2>

Package Vendor: ARM
                http://www.keil.com/pack/ARM.CMSIS.5.7.0.pack
                ARM.CMSIS.5.7.0
                CMSIS (Cortex Microcontroller Software Interface Standard)
   * Component: CORE Version: 5.4.0

Package Vendor: Keil
                http://www.keil.com/pack/Keil.STM32F1xx_DFP.2.3.0.pack
                Keil.STM32F1xx_DFP.2.3.0
                STMicroelectronics STM32F1 Series Device Support, Drivers and Examples

<h2>Collection of Component include folders:</h2>
  .\RTE\_test
  C:\Users\LI\AppData\Local\Arm\Packs\ARM\CMSIS\5.7.0\CMSIS\Core\Include
  C:\Users\LI\AppData\Local\Arm\Packs\Keil\STM32F1xx_DFP\2.3.0\Device\Include

<h2>Collection of Component Files used:</h2>

   * Component: ARM::CMSIS:CORE:5.4.0
      Include file:  CMSIS\Core\Include\tz_context.h
Build Time Elapsed:  00:00:01
</pre>
</body>
</html>
